<?xml version="1.0" encoding="UTF-8"?>
<testng-results ignored="0" total="12" passed="12" failed="0" skipped="0">
  <reporter-output>
  </reporter-output>
  <suite started-at="2023-06-19T15:59:57 IST" name="Test case suite e-commerce application" finished-at="2023-06-19T16:03:48 IST" duration-ms="231085">
    <groups>
      <group name="Sanity">
        <method signature="QKART_Tests.TestCase01(java.lang.String,java.lang.String)[pri:1, instance:QKART_TESTNG.QKART_Tests@42ec5e5b]" name="TestCase01" class="QKART_TESTNG.QKART_Tests"/>
        <method signature="QKART_Tests.TestCase02(java.lang.String,java.lang.String)[pri:2, instance:QKART_TESTNG.QKART_Tests@42ec5e5b]" name="TestCase02" class="QKART_TESTNG.QKART_Tests"/>
        <method signature="QKART_Tests.TestCase03(java.lang.String)[pri:3, instance:QKART_TESTNG.QKART_Tests@42ec5e5b]" name="TestCase03" class="QKART_TESTNG.QKART_Tests"/>
        <method signature="QKART_Tests.TestCase05(java.lang.String,java.lang.String,java.lang.String)[pri:5, instance:QKART_TESTNG.QKART_Tests@42ec5e5b]" name="TestCase05" class="QKART_TESTNG.QKART_Tests"/>
        <method signature="QKART_Tests.TestCase06(java.lang.String,java.lang.String)[pri:6, instance:QKART_TESTNG.QKART_Tests@42ec5e5b]" name="TestCase06" class="QKART_TESTNG.QKART_Tests"/>
        <method signature="QKART_Tests.TestCase08(java.lang.String,int)[pri:8, instance:QKART_TESTNG.QKART_Tests@42ec5e5b]" name="TestCase08" class="QKART_TESTNG.QKART_Tests"/>
        <method signature="QKART_Tests.TestCase12(java.lang.String,java.lang.String)[pri:12, instance:QKART_TESTNG.QKART_Tests@42ec5e5b]" name="TestCase12" class="QKART_TESTNG.QKART_Tests"/>
      </group> <!-- Sanity -->
      <group name="Regression">
        <method signature="QKART_Tests.TestCase04(java.lang.String)[pri:4, instance:QKART_TESTNG.QKART_Tests@42ec5e5b]" name="TestCase04" class="QKART_TESTNG.QKART_Tests"/>
        <method signature="QKART_Tests.TestCase07(java.lang.String)[pri:7, instance:QKART_TESTNG.QKART_Tests@42ec5e5b]" name="TestCase07" class="QKART_TESTNG.QKART_Tests"/>
        <method signature="QKART_Tests.TestCase10()[pri:9, instance:QKART_TESTNG.QKART_Tests@42ec5e5b]" name="TestCase10" class="QKART_TESTNG.QKART_Tests"/>
        <method signature="QKART_Tests.TestCase09()[pri:10, instance:QKART_TESTNG.QKART_Tests@42ec5e5b]" name="TestCase09" class="QKART_TESTNG.QKART_Tests"/>
        <method signature="QKART_Tests.TestCase11(java.lang.String,java.lang.String,java.lang.String)[pri:11, instance:QKART_TESTNG.QKART_Tests@42ec5e5b]" name="TestCase11" class="QKART_TESTNG.QKART_Tests"/>
      </group> <!-- Regression -->
    </groups>
    <test started-at="2023-06-19T15:59:57 IST" name="Test case execution on Chrome browser" finished-at="2023-06-19T16:03:48 IST" duration-ms="231085">
      <class name="QKART_TESTNG.QKART_Tests">
        <test-method is-config="true" signature="createDriver()[pri:0, instance:QKART_TESTNG.QKART_Tests@42ec5e5b]" started-at="2023-06-19T15:59:54 IST" name="createDriver" finished-at="2023-06-19T15:59:57 IST" duration-ms="2582" status="PASS">
          <reporter-output>
          </reporter-output>
        </test-method> <!-- createDriver -->
        <test-method signature="TestCase01(java.lang.String,java.lang.String)[pri:1, instance:QKART_TESTNG.QKART_Tests@42ec5e5b]" started-at="2023-06-19T15:59:57 IST" name="TestCase01" description="Verify registration happens correctly" finished-at="2023-06-19T16:00:05 IST" duration-ms="7867" status="PASS">
          <params>
            <param index="0">
              <value>
                <![CDATA[testUser]]>
              </value>
            </param>
            <param index="1">
              <value>
                <![CDATA[abc@123]]>
              </value>
            </param>
          </params>
          <reporter-output>
          </reporter-output>
        </test-method> <!-- TestCase01 -->
        <test-method signature="TestCase02(java.lang.String,java.lang.String)[pri:2, instance:QKART_TESTNG.QKART_Tests@42ec5e5b]" started-at="2023-06-19T16:00:05 IST" name="TestCase02" description="Verify re-registering an already registered user fails" finished-at="2023-06-19T16:00:40 IST" duration-ms="35123" status="PASS">
          <params>
            <param index="0">
              <value>
                <![CDATA[testUser]]>
              </value>
            </param>
            <param index="1">
              <value>
                <![CDATA[abc@123]]>
              </value>
            </param>
          </params>
          <reporter-output>
          </reporter-output>
        </test-method> <!-- TestCase02 -->
        <test-method signature="TestCase03(java.lang.String)[pri:3, instance:QKART_TESTNG.QKART_Tests@42ec5e5b]" started-at="2023-06-19T16:00:40 IST" name="TestCase03" description="Verify the functionality of search text box" finished-at="2023-06-19T16:00:54 IST" duration-ms="13704" status="PASS">
          <params>
            <param index="0">
              <value>
                <![CDATA[YONEX]]>
              </value>
            </param>
          </params>
          <reporter-output>
          </reporter-output>
        </test-method> <!-- TestCase03 -->
        <test-method signature="TestCase04(java.lang.String)[pri:4, instance:QKART_TESTNG.QKART_Tests@42ec5e5b]" started-at="2023-06-19T16:00:54 IST" name="TestCase04" description="Verify the existence of size chart for certain items and validate contents of size chart " finished-at="2023-06-19T16:01:03 IST" duration-ms="8913" status="PASS">
          <params>
            <param index="0">
              <value>
                <![CDATA[Roadster]]>
              </value>
            </param>
          </params>
          <reporter-output>
          </reporter-output>
        </test-method> <!-- TestCase04 -->
        <test-method signature="TestCase05(java.lang.String,java.lang.String,java.lang.String)[pri:5, instance:QKART_TESTNG.QKART_Tests@42ec5e5b]" started-at="2023-06-19T16:01:03 IST" name="TestCase05" description="Verify that a new user can add multiple products in to the cart and Checkout" finished-at="2023-06-19T16:01:21 IST" duration-ms="17946" status="PASS">
          <params>
            <param index="0">
              <value>
                <![CDATA[YONEX Smash Badminton Racquet]]>
              </value>
            </param>
            <param index="1">
              <value>
                <![CDATA[Tan Leatherette Weekender Duffle]]>
              </value>
            </param>
            <param index="2">
              <value>
                <![CDATA[Addr line 1 addr Line 2 addr line 3]]>
              </value>
            </param>
          </params>
          <reporter-output>
          </reporter-output>
        </test-method> <!-- TestCase05 -->
        <test-method signature="TestCase06(java.lang.String,java.lang.String)[pri:6, instance:QKART_TESTNG.QKART_Tests@42ec5e5b]" started-at="2023-06-19T16:01:21 IST" name="TestCase06" description="Verify that the contents of the cart can be edited" finished-at="2023-06-19T16:01:43 IST" duration-ms="22000" status="PASS">
          <params>
            <param index="0">
              <value>
                <![CDATA[Xtend Smart Watch]]>
              </value>
            </param>
            <param index="1">
              <value>
                <![CDATA[Yarine Floor Lamp]]>
              </value>
            </param>
          </params>
          <reporter-output>
          </reporter-output>
        </test-method> <!-- TestCase06 -->
        <test-method signature="TestCase07(java.lang.String)[pri:7, instance:QKART_TESTNG.QKART_Tests@42ec5e5b]" started-at="2023-06-19T16:01:43 IST" name="TestCase07" description="Verify the functionality of search text box" finished-at="2023-06-19T16:01:58 IST" duration-ms="15292" status="PASS">
          <params>
            <param index="0">
              <value>
                <![CDATA[Stylecon 9 Seater RHS Sofa Set;Xtend Smart Watch]]>
              </value>
            </param>
          </params>
          <reporter-output>
          </reporter-output>
        </test-method> <!-- TestCase07 -->
        <test-method signature="TestCase08(java.lang.String,int)[pri:8, instance:QKART_TESTNG.QKART_Tests@42ec5e5b]" started-at="2023-06-19T16:01:58 IST" name="TestCase08" description="Verify that insufficient balance error is thrown when the wallet balance is not enough" finished-at="2023-06-19T16:03:04 IST" duration-ms="65399" status="PASS">
          <params>
            <param index="0">
              <value>
                <![CDATA[Stylecon 9 Seater RHS Sofa Set]]>
              </value>
            </param>
            <param index="1">
              <value>
                <![CDATA[10]]>
              </value>
            </param>
          </params>
          <reporter-output>
          </reporter-output>
        </test-method> <!-- TestCase08 -->
        <test-method signature="TestCase10()[pri:9, instance:QKART_TESTNG.QKART_Tests@42ec5e5b]" started-at="2023-06-19T16:03:04 IST" name="TestCase10" description="Verify that the Privacy Policy, About Us are displayed correctly" finished-at="2023-06-19T16:03:11 IST" duration-ms="7442" status="PASS">
          <reporter-output>
          </reporter-output>
        </test-method> <!-- TestCase10 -->
        <test-method signature="TestCase09()[pri:10, instance:QKART_TESTNG.QKART_Tests@42ec5e5b]" started-at="2023-06-19T16:03:11 IST" name="TestCase09" description=" Verify that product added to cart is available when a new tab is opened" finished-at="2023-06-19T16:03:23 IST" duration-ms="11990" status="PASS">
          <reporter-output>
          </reporter-output>
        </test-method> <!-- TestCase09 -->
        <test-method signature="TestCase11(java.lang.String,java.lang.String,java.lang.String)[pri:11, instance:QKART_TESTNG.QKART_Tests@42ec5e5b]" started-at="2023-06-19T16:03:23 IST" name="TestCase11" description="Verify that contact us option is working correctly" finished-at="2023-06-19T16:03:25 IST" duration-ms="2106" status="PASS">
          <params>
            <param index="0">
              <value>
                <![CDATA[crio user]]>
              </value>
            </param>
            <param index="1">
              <value>
                <![CDATA[criouser@gmail.com]]>
              </value>
            </param>
            <param index="2">
              <value>
                <![CDATA[Testing the contact us page]]>
              </value>
            </param>
          </params>
          <reporter-output>
          </reporter-output>
        </test-method> <!-- TestCase11 -->
        <test-method signature="TestCase12(java.lang.String,java.lang.String)[pri:12, instance:QKART_TESTNG.QKART_Tests@42ec5e5b]" started-at="2023-06-19T16:03:25 IST" name="TestCase12" description="Ensure that the links on the QKART advertisement are clickable" finished-at="2023-06-19T16:03:48 IST" duration-ms="23118" status="PASS">
          <params>
            <param index="0">
              <value>
                <![CDATA[YONEX Smash Badminton Racquet]]>
              </value>
            </param>
            <param index="1">
              <value>
                <![CDATA[Addr line 1 addr Line 2 addr line 3]]>
              </value>
            </param>
          </params>
          <reporter-output>
          </reporter-output>
        </test-method> <!-- TestCase12 -->
      </class> <!-- QKART_TESTNG.QKART_Tests -->
    </test> <!-- Test case execution on Chrome browser -->
  </suite> <!-- Test case suite e-commerce application -->
</testng-results>
